>>> add_integer = __import__('0-add_integer').add_integer

>>> add_integer(1, 2)
3
>>> add_integer(100, -2)
98
>>> add_integer(2)
100
>>> add_integer(100.3, -2)
98
>>> add_integer(10.8, 2.9)
12
>>> add_integer(10, 11, 15)
Traceback (most recent call last):
   ...
TypeError: add_integer() takes from 1 to 2 positional arguments but 3 were given
>>> add_integer("85", 2)
Traceback (most recent call last):
    ...
TypeError: a must be an integer
>>> add_integer(None, 2.9)
Traceback (most recent call last):
    ...
TypeError: a must be an integer
>>> add_integer(4, "School")
Traceback (most recent call last):
    ...
TypeError: b must be an integer
>>> add_integer(None)
Traceback (most recent call last):
    ...
TypeError: a must be an integer
>>> add_integer(1e400, 1)
Traceback (most recent call last):
...
OverflowError: cannot convert float infinity to integer
>>> add_integer(float('nan'), 1)
Traceback (most recent call last):
    ...
ValueError: cannot convert float NaN to integer