>>> say_my_name = __import__('3-say_my_name').say_my_name

>>> say_my_name("fatemeh", "alizadeh")
'My name is fatemeh alizadeh'

>>> say_my_name("fatemeh")
'My name is fatemeh '

>>> say_my_name(1, "alizadeh")
Traceback (most recent call last):
   ...
TypeError: first_name must be a string

>>> say_my_name("fatemeh", 2)
Traceback (most recent call last):
   ...
TypeError: last_name must be a string

>>> say_my_name()
Traceback (most recent call last):
   ...
TypeError: say_my_name() missing 1 required positional argument: 'first_name'